[chat.two.ai/index7ac6.html]
[backblue.gif]
[fade.gif]
[index.html]
[chat.two.ai/TWO.html]
[chat.two.ai/index.html]
[cdn.two.app/chatsutra/chatsutra-og01.png]
[chat.two.ai/chatsutra512X512_black.png]
[chat.two.ai/favicon.svg]
[chat.two.ai/apple-touch-icon.png]
[chat.two.ai/safari-pinned-tab.html]
[cdn.jsdelivr.net/npm/katex@0.16.9/dist/katex.min.css]
[chat.two.ai/assets/index-CDr6F3Qv.js]
[chat.two.ai/assets/vtl-DAJ5sKq3.js]
[chat.two.ai/assets/vre-5E_f4ILy.js]
[chat.two.ai/assets/vui-BlaBwXfb.js]
[chat.two.ai/assets/vi8-6CnKfNrd.js]
[chat.two.ai/assets/vfb-C_qNR3vO.js]
[chat.two.ai/assets/vmd-B9SPjbQM.js]
[chat.two.ai/assets/index-CCNmTVd6.css]
[chat.two.ai/manifest.webmanifest]
[chat.two.ai/registerSW.js]
[chat.two.ai/index7ac6.html]
[chat.two.ai/index.html]
[chat.two.ai/TWO.html]
[chat.two.ai/favicon.svg]
[chat.two.ai/safari-pinned-tab.html]
[cdn.jsdelivr.net/npm/katex@0.16.9/dist/fonts/KaTeX_AMS-Regular.woff2]
[cdn.jsdelivr.net/npm/katex@0.16.9/dist/fonts/KaTeX_AMS-Regular.woff]
[cdn.jsdelivr.net/npm/katex@0.16.9/dist/fonts/KaTeX_AMS-Regular.ttf]
[cdn.jsdelivr.net/npm/katex@0.16.9/dist/fonts/KaTeX_Caligraphic-Bold.woff2]
[cdn.jsdelivr.net/npm/katex@0.16.9/dist/fonts/KaTeX_Caligraphic-Bold.woff]
[cdn.jsdelivr.net/npm/katex@0.16.9/dist/fonts/KaTeX_Caligraphic-Bold.ttf]
[cdn.jsdelivr.net/npm/katex@0.16.9/dist/fonts/KaTeX_Caligraphic-Regular.woff2]
[cdn.jsdelivr.net/npm/katex@0.16.9/dist/fonts/KaTeX_Caligraphic-Regular.woff]
[cdn.jsdelivr.net/npm/katex@0.16.9/dist/fonts/KaTeX_Caligraphic-Regular.ttf]
[cdn.jsdelivr.net/npm/katex@0.16.9/dist/fonts/KaTeX_Fraktur-Bold.woff2]
[cdn.jsdelivr.net/npm/katex@0.16.9/dist/fonts/KaTeX_Fraktur-Bold.woff]
[cdn.jsdelivr.net/npm/katex@0.16.9/dist/fonts/KaTeX_Fraktur-Bold.ttf]
[cdn.jsdelivr.net/npm/katex@0.16.9/dist/fonts/KaTeX_Fraktur-Regular.woff2]
[cdn.jsdelivr.net/npm/katex@0.16.9/dist/fonts/KaTeX_Fraktur-Regular.woff]
[cdn.jsdelivr.net/npm/katex@0.16.9/dist/fonts/KaTeX_Fraktur-Regular.ttf]
[cdn.jsdelivr.net/npm/katex@0.16.9/dist/fonts/KaTeX_Main-Bold.woff2]
[cdn.jsdelivr.net/npm/katex@0.16.9/dist/fonts/KaTeX_Main-Bold.woff]
[cdn.jsdelivr.net/npm/katex@0.16.9/dist/fonts/KaTeX_Main-Bold.ttf]
[cdn.jsdelivr.net/npm/katex@0.16.9/dist/fonts/KaTeX_Main-BoldItalic.woff2]
[cdn.jsdelivr.net/npm/katex@0.16.9/dist/fonts/KaTeX_Main-BoldItalic.woff]
[cdn.jsdelivr.net/npm/katex@0.16.9/dist/fonts/KaTeX_Main-BoldItalic.ttf]
[cdn.jsdelivr.net/npm/katex@0.16.9/dist/fonts/KaTeX_Main-Italic.woff2]
[cdn.jsdelivr.net/npm/katex@0.16.9/dist/fonts/KaTeX_Main-Italic.woff]
[cdn.jsdelivr.net/npm/katex@0.16.9/dist/fonts/KaTeX_Main-Italic.ttf]
[cdn.jsdelivr.net/npm/katex@0.16.9/dist/fonts/KaTeX_Main-Regular.woff2]
[cdn.jsdelivr.net/npm/katex@0.16.9/dist/fonts/KaTeX_Main-Regular.woff]
[cdn.jsdelivr.net/npm/katex@0.16.9/dist/fonts/KaTeX_Main-Regular.ttf]
[cdn.jsdelivr.net/npm/katex@0.16.9/dist/fonts/KaTeX_Math-BoldItalic.woff2]
[cdn.jsdelivr.net/npm/katex@0.16.9/dist/fonts/KaTeX_Math-BoldItalic.woff]
[cdn.jsdelivr.net/npm/katex@0.16.9/dist/fonts/KaTeX_Math-BoldItalic.ttf]
[cdn.jsdelivr.net/npm/katex@0.16.9/dist/fonts/KaTeX_Math-Italic.woff2]
[cdn.jsdelivr.net/npm/katex@0.16.9/dist/fonts/KaTeX_Math-Italic.woff]
[cdn.jsdelivr.net/npm/katex@0.16.9/dist/fonts/KaTeX_Math-Italic.ttf]
[cdn.jsdelivr.net/npm/katex@0.16.9/dist/fonts/KaTeX_SansSerif-Bold.woff2]
[cdn.jsdelivr.net/npm/katex@0.16.9/dist/fonts/KaTeX_SansSerif-Bold.woff]
[cdn.jsdelivr.net/npm/katex@0.16.9/dist/fonts/KaTeX_SansSerif-Bold.ttf]
[cdn.jsdelivr.net/npm/katex@0.16.9/dist/fonts/KaTeX_SansSerif-Italic.woff2]
[cdn.jsdelivr.net/npm/katex@0.16.9/dist/fonts/KaTeX_SansSerif-Italic.woff]
[cdn.jsdelivr.net/npm/katex@0.16.9/dist/fonts/KaTeX_SansSerif-Italic.ttf]
[cdn.jsdelivr.net/npm/katex@0.16.9/dist/fonts/KaTeX_SansSerif-Regular.woff2]
[cdn.jsdelivr.net/npm/katex@0.16.9/dist/fonts/KaTeX_SansSerif-Regular.woff]
[cdn.jsdelivr.net/npm/katex@0.16.9/dist/fonts/KaTeX_SansSerif-Regular.ttf]
[cdn.jsdelivr.net/npm/katex@0.16.9/dist/fonts/KaTeX_Script-Regular.woff2]
[cdn.jsdelivr.net/npm/katex@0.16.9/dist/fonts/KaTeX_Script-Regular.woff]
[cdn.jsdelivr.net/npm/katex@0.16.9/dist/fonts/KaTeX_Script-Regular.ttf]
[cdn.jsdelivr.net/npm/katex@0.16.9/dist/fonts/KaTeX_Size1-Regular.woff2]
[cdn.jsdelivr.net/npm/katex@0.16.9/dist/fonts/KaTeX_Size1-Regular.woff]
[cdn.jsdelivr.net/npm/katex@0.16.9/dist/fonts/KaTeX_Size1-Regular.ttf]
[cdn.jsdelivr.net/npm/katex@0.16.9/dist/fonts/KaTeX_Size2-Regular.woff2]
[cdn.jsdelivr.net/npm/katex@0.16.9/dist/fonts/KaTeX_Size2-Regular.woff]
[cdn.jsdelivr.net/npm/katex@0.16.9/dist/fonts/KaTeX_Size2-Regular.ttf]
[cdn.jsdelivr.net/npm/katex@0.16.9/dist/fonts/KaTeX_Size3-Regular.woff2]
[cdn.jsdelivr.net/npm/katex@0.16.9/dist/fonts/KaTeX_Size3-Regular.woff]
[cdn.jsdelivr.net/npm/katex@0.16.9/dist/fonts/KaTeX_Size3-Regular.ttf]
[cdn.jsdelivr.net/npm/katex@0.16.9/dist/fonts/KaTeX_Size4-Regular.woff2]
[cdn.jsdelivr.net/npm/katex@0.16.9/dist/fonts/KaTeX_Size4-Regular.woff]
[cdn.jsdelivr.net/npm/katex@0.16.9/dist/fonts/KaTeX_Size4-Regular.ttf]
[cdn.jsdelivr.net/npm/katex@0.16.9/dist/fonts/KaTeX_Typewriter-Regular.woff2]
[cdn.jsdelivr.net/npm/katex@0.16.9/dist/fonts/KaTeX_Typewriter-Regular.woff]
[cdn.jsdelivr.net/npm/katex@0.16.9/dist/katex.min.css]
[chat.two.ai/assets/index-CCNmTVd6.css]
[cdn.jsdelivr.net/npm/katex@0.16.9/dist/fonts/KaTeX_Typewriter-Regular.ttf]
